[0m12:28:19.200914 [debug] [MainThread]: Sending event: {'category': 'dbt', 'action': 'invocation', 'label': 'start', 'context': [<snowplow_tracker.self_describing_json.SelfDescribingJson object at 0x0000020C396316F0>, <snowplow_tracker.self_describing_json.SelfDescribingJson object at 0x0000020C39905720>, <snowplow_tracker.self_describing_json.SelfDescribingJson object at 0x0000020C3ACC0D90>]}


============================== 12:28:19.208255 | b1a8097f-4c16-4b8f-9c51-5e8f855d8bca ==============================
[0m12:28:19.208255 [info ] [MainThread]: Running with dbt=1.12.2
[0m12:28:19.209257 [debug] [MainThread]: running dbt with arguments {'static_parser': 'True', 'no_print': 'None', 'version_check': 'True', 'warn_error_options': 'WarnErrorOptionsV2(error=[], warn=[], silence=[])', 'target_path': 'None', 'maximum_seed_size_mib': '1', 'printer_width': '80', 'write_json': 'True', 'empty': 'None', 'log_cache_events': 'False', 'introspect': 'True', 'cache_selected_only': 'False', 'fail_fast': 'False', 'debug': 'False', 'log_format': 'default', 'partial_parse': 'True', 'send_anonymous_usage_stats': 'True', 'quiet': 'False', 'warn_error': 'None', 'profiles_dir': 'C:\\Users\\oorko\\.dbt', 'use_colors': 'True', 'hints_enabled': 'True', 'invocation_command': 'dbt init dbt_project', 'use_experimental_parser': 'False', 'indirect_selection': 'eager', 'log_path': 'logs'}
[0m12:28:19.249191 [info ] [MainThread]: Creating dbt configuration folder at C:\Users\oorko\.dbt
[0m12:28:19.252695 [info ] [MainThread]: A project called dbt_project already exists here.
[0m12:28:19.254781 [debug] [MainThread]: Command `dbt init` succeeded at 12:28:19.254781 after 0.22 seconds
[0m12:28:19.256545 [debug] [MainThread]: Sending event: {'category': 'dbt', 'action': 'invocation', 'label': 'end', 'context': [<snowplow_tracker.self_describing_json.SelfDescribingJson object at 0x0000020C396316F0>, <snowplow_tracker.self_describing_json.SelfDescribingJson object at 0x0000020C3ACC2EC0>, <snowplow_tracker.self_describing_json.SelfDescribingJson object at 0x0000020C3ABE33A0>]}
[0m12:28:19.258050 [debug] [MainThread]: Flushing usage events
[0m12:28:19.803882 [debug] [MainThread]: An error was encountered while trying to flush usage events
[0m12:38:21.762038 [debug] [MainThread]: Sending event: {'category': 'dbt', 'action': 'invocation', 'label': 'start', 'context': [<snowplow_tracker.self_describing_json.SelfDescribingJson object at 0x00000185FA7A16F0>, <snowplow_tracker.self_describing_json.SelfDescribingJson object at 0x00000185FAA75720>, <snowplow_tracker.self_describing_json.SelfDescribingJson object at 0x00000185FBE30460>]}


============================== 12:38:21.767039 | a60053e1-01ee-4867-97c8-329f9dc57d74 ==============================
[0m12:38:21.767039 [info ] [MainThread]: Running with dbt=1.12.2
[0m12:38:21.769043 [debug] [MainThread]: running dbt with arguments {'static_parser': 'True', 'no_print': 'None', 'maximum_seed_size_mib': '1', 'warn_error_options': 'WarnErrorOptionsV2(error=[], warn=[], silence=[])', 'target_path': 'None', 'version_check': 'True', 'printer_width': '80', 'write_json': 'True', 'introspect': 'True', 'log_cache_events': 'False', 'empty': 'None', 'cache_selected_only': 'False', 'log_format': 'default', 'debug': 'False', 'fail_fast': 'False', 'partial_parse': 'True', 'send_anonymous_usage_stats': 'True', 'quiet': 'False', 'warn_error': 'None', 'profiles_dir': 'C:\\Users\\oorko\\.dbt', 'invocation_command': 'dbt init dbt_project', 'hints_enabled': 'True', 'use_colors': 'True', 'use_experimental_parser': 'False', 'indirect_selection': 'eager', 'log_path': 'logs'}
[0m12:38:21.799800 [info ] [MainThread]: A project called dbt_project already exists here.
[0m12:38:21.801434 [debug] [MainThread]: Command `dbt init` succeeded at 12:38:21.801434 after 0.19 seconds
[0m12:38:21.802710 [debug] [MainThread]: Sending event: {'category': 'dbt', 'action': 'invocation', 'label': 'end', 'context': [<snowplow_tracker.self_describing_json.SelfDescribingJson object at 0x00000185FA7A16F0>, <snowplow_tracker.self_describing_json.SelfDescribingJson object at 0x00000185FBD533A0>, <snowplow_tracker.self_describing_json.SelfDescribingJson object at 0x00000185FBE31030>]}
[0m12:38:21.802710 [debug] [MainThread]: Flushing usage events
[0m12:38:22.329936 [debug] [MainThread]: An error was encountered while trying to flush usage events
[0m12:40:18.222840 [debug] [MainThread]: Sending event: {'category': 'dbt', 'action': 'invocation', 'label': 'start', 'context': [<snowplow_tracker.self_describing_json.SelfDescribingJson object at 0x000001A0FF9916F0>, <snowplow_tracker.self_describing_json.SelfDescribingJson object at 0x000001A0FFC65720>, <snowplow_tracker.self_describing_json.SelfDescribingJson object at 0x000001A08116D3F0>]}


============================== 12:40:18.235706 | f0f30df7-93e0-4af8-ba4c-abf16da7fbff ==============================
[0m12:40:18.235706 [info ] [MainThread]: Running with dbt=1.12.2
[0m12:40:18.235706 [debug] [MainThread]: running dbt with arguments {'static_parser': 'True', 'no_print': 'None', 'version_check': 'True', 'target_path': 'None', 'warn_error_options': 'WarnErrorOptionsV2(error=[], warn=[], silence=[])', 'maximum_seed_size_mib': '1', 'printer_width': '80', 'write_json': 'True', 'introspect': 'True', 'log_cache_events': 'False', 'empty': 'None', 'cache_selected_only': 'False', 'log_format': 'default', 'debug': 'False', 'fail_fast': 'False', 'profiles_dir': 'C:\\Users\\oorko\\.dbt', 'send_anonymous_usage_stats': 'True', 'quiet': 'False', 'warn_error': 'None', 'partial_parse': 'True', 'invocation_command': 'dbt init dbt_project', 'hints_enabled': 'True', 'use_colors': 'True', 'use_experimental_parser': 'False', 'indirect_selection': 'eager', 'log_path': 'logs'}
[0m12:40:18.272849 [debug] [MainThread]: Starter project path: C:\Users\oorko\anaconda3\envs\sales_forecast\lib\site-packages\dbt\include\starter_project
[0m12:40:18.320233 [info ] [MainThread]: Setting up your profile.
[0m12:41:24.604633 [info ] [MainThread]: Running dbt debug to validate the project...
[0m12:41:24.604633 [info ] [MainThread]: dbt version: 1.12.2
[0m12:41:24.608815 [info ] [MainThread]: python version: 3.10.20
[0m12:41:24.608815 [info ] [MainThread]: python path: C:\Users\oorko\anaconda3\envs\sales_forecast\python.exe
[0m12:41:24.608815 [info ] [MainThread]: os info: Windows-10-10.0.26200-SP0
[0m12:41:24.702728 [info ] [MainThread]: Using profiles dir at C:\Users\oorko\.dbt
[0m12:41:24.704734 [info ] [MainThread]: Using profiles.yml file at C:\Users\oorko\.dbt\profiles.yml
[0m12:41:24.704734 [info ] [MainThread]: Using dbt_project.yml file at C:\Users\oorko\OneDrive\Documents\projects\Sales_Forecasting\dbt_project\dbt_project.yml
[0m12:41:24.708420 [info ] [MainThread]: adapter type: duckdb
[0m12:41:24.712622 [info ] [MainThread]: adapter version: 1.11.0
[0m12:41:24.902228 [info ] [MainThread]: Configuration:
[0m12:41:24.902228 [info ] [MainThread]:   profiles.yml file [[32mOK found and valid[0m]
[0m12:41:24.902228 [info ] [MainThread]:   dbt_project.yml file [[32mOK found and valid[0m]
[0m12:41:24.902228 [info ] [MainThread]: Required dependencies:
[0m12:41:24.902228 [debug] [MainThread]: Executing "git --help"
[0m12:41:24.968493 [debug] [MainThread]: STDOUT: "b"usage: git [-v | --version] [-h | --help] [-C <path>] [-c <name>=<value>]\n           [--exec-path[=<path>]] [--html-path] [--man-path] [--info-path]\n           [-p | --paginate | -P | --no-pager] [--no-replace-objects] [--no-lazy-fetch]\n           [--no-optional-locks] [--no-advice] [--bare] [--git-dir=<path>]\n           [--work-tree=<path>] [--namespace=<name>] [--config-env=<name>=<envvar>]\n           <command> [<args>]\n\nThese are common Git commands used in various situations:\n\nstart a working area (see also: git help tutorial)\n   clone      Clone a repository into a new directory\n   init       Create an empty Git repository or reinitialize an existing one\n\nwork on the current change (see also: git help everyday)\n   add        Add file contents to the index\n   mv         Move or rename a file, a directory, or a symlink\n   restore    Restore working tree files\n   rm         Remove files from the working tree and from the index\n\nexamine the history and state (see also: git help revisions)\n   bisect     Use binary search to find the commit that introduced a bug\n   diff       Show changes between commits, commit and working tree, etc\n   grep       Print lines matching a pattern\n   log        Show commit logs\n   show       Show various types of objects\n   status     Show the working tree status\n\ngrow, mark and tweak your common history\n   backfill   Download missing objects in a partial clone\n   branch     List, create, or delete branches\n   commit     Record changes to the repository\n   merge      Join two or more development histories together\n   rebase     Reapply commits on top of another base tip\n   reset      Set `HEAD` or the index to a known state\n   switch     Switch branches\n   tag        Create, list, delete or verify tags\n\ncollaborate (see also: git help workflows)\n   fetch      Download objects and refs from another repository\n   pull       Fetch from and integrate with another repository or a local branch\n   push       Update remote refs along with associated objects\n\n'git help -a' and 'git help -g' list available subcommands and some\nconcept guides. See 'git help <command>' or 'git help <concept>'\nto read about a specific subcommand or concept.\nSee 'git help git' for an overview of the system.\n""
[0m12:41:24.968493 [debug] [MainThread]: STDERR: "b''"
[0m12:41:24.968493 [info ] [MainThread]:  - git [[32mOK found[0m]

[0m12:41:24.968493 [info ] [MainThread]: Connection:
[0m12:41:24.968493 [info ] [MainThread]:   database: dev
[0m12:41:24.968493 [info ] [MainThread]:   schema: main
[0m12:41:24.968493 [info ] [MainThread]:   path: dev.duckdb
[0m12:41:24.968493 [info ] [MainThread]:   config_options: None
[0m12:41:24.968493 [info ] [MainThread]:   extensions: None
[0m12:41:24.968493 [info ] [MainThread]:   settings: {}
[0m12:41:24.977590 [info ] [MainThread]:   external_root: .
[0m12:41:24.977590 [info ] [MainThread]:   use_credential_provider: None
[0m12:41:24.977590 [info ] [MainThread]:   attach: None
[0m12:41:24.977590 [info ] [MainThread]:   filesystems: None
[0m12:41:24.977590 [info ] [MainThread]:   remote: None
[0m12:41:24.977590 [info ] [MainThread]:   plugins: None
[0m12:41:24.977590 [info ] [MainThread]:   disable_transactions: False
[0m12:41:24.977590 [info ] [MainThread]: Registered adapter: duckdb=1.11.0
[0m12:41:25.500734 [debug] [MainThread]: Acquiring new duckdb connection 'debug'
[0m12:41:25.985723 [debug] [MainThread]: Using duckdb connection "debug"
[0m12:41:25.985723 [debug] [MainThread]: On debug: select 1 as id
[0m12:41:25.985723 [debug] [MainThread]: Opening a new connection, currently in state init
[0m12:41:26.012240 [debug] [MainThread]: SQL status: OK in 0.025 seconds
[0m12:41:26.012240 [debug] [MainThread]: On debug: Close
[0m12:41:26.012240 [info ] [MainThread]:   Connection test: [[32mOK connection ok[0m]

[0m12:41:26.012240 [info ] [MainThread]: [32mAll checks passed![0m
[0m12:41:26.012240 [info ] [MainThread]: Your new dbt project "dbt_project" was created!
Initialized new project in C:\Users\oorko\OneDrive\Documents\projects\Sales_Forecasting\dbt_project\dbt_project

For more information on how to configure the profiles.yml file,
please consult the dbt documentation here:

  https://docs.getdbt.com/docs/configure-your-profile

One more thing:

Need help? Don't hesitate to reach out to us via GitHub issues or on Slack:

  https://community.getdbt.com/

Happy modeling!

[0m12:41:26.012240 [debug] [MainThread]: Command `dbt init` succeeded at 12:41:26.012240 after 67.96 seconds
[0m12:41:26.025560 [debug] [MainThread]: Connection 'debug' was properly closed.
[0m12:41:26.026706 [debug] [MainThread]: Sending event: {'category': 'dbt', 'action': 'invocation', 'label': 'end', 'context': [<snowplow_tracker.self_describing_json.SelfDescribingJson object at 0x000001A0FF9916F0>, <snowplow_tracker.self_describing_json.SelfDescribingJson object at 0x000001A0810933A0>, <snowplow_tracker.self_describing_json.SelfDescribingJson object at 0x000001A0824749A0>]}
[0m12:41:26.026706 [debug] [MainThread]: Flushing usage events
[0m12:41:26.560659 [debug] [MainThread]: An error was encountered while trying to flush usage events
